// Vitest Snapshot v1, https://vitest.dev/guide/snapshot.html

exports[`If mute is disabled (mute = false) 1`] = `
<div>
  <div
    class="mt-2.5 flex flex-row justify-between"
  >
    <button>
      <svg
        class="size-7"
        fill="none"
        height="24"
        stroke="currentColor"
        stroke-linecap="round"
        stroke-linejoin="round"
        stroke-width="2"
        viewBox="0 0 24 24"
        width="24"
        xmlns="http://www.w3.org/2000/svg"
      >
        <path
          d="M11 4.702a.705.705 0 0 0-1.203-.498L6.413 7.587A1.4 1.4 0 0 1 5.416 8H3a1 1 0 0 0-1 1v6a1 1 0 0 0 1 1h2.416a1.4 1.4 0 0 1 .997.413l3.383 3.384A.705.705 0 0 0 11 19.298z"
        />
        <line
          x1="22"
          x2="16"
          y1="9"
          y2="15"
        />
        <line
          x1="16"
          x2="22"
          y1="9"
          y2="15"
        />
      </svg>
    </button>
    <input
      class="ml-0 w-90/100 justify-self-center accent-Mocha ease-in-out dark:accent-Lightsoftie/75"
      disabled=""
      max="10"
      min="0"
      name=""
      type="range"
    />
    <p />
  </div>
</div>
`;

exports[`If mute is enabled(mute = true) 1`] = `
<div>
  <div
    class="mt-2.5 flex flex-row justify-between"
  >
    <button>
      <svg
        class="size-7"
        fill="none"
        height="24"
        stroke="currentColor"
        stroke-linecap="round"
        stroke-linejoin="round"
        stroke-width="2"
        viewBox="0 0 24 24"
        width="24"
        xmlns="http://www.w3.org/2000/svg"
      >
        <path
          d="M11 4.702a.705.705 0 0 0-1.203-.498L6.413 7.587A1.4 1.4 0 0 1 5.416 8H3a1 1 0 0 0-1 1v6a1 1 0 0 0 1 1h2.416a1.4 1.4 0 0 1 .997.413l3.383 3.384A.705.705 0 0 0 11 19.298z"
        />
        <line
          x1="22"
          x2="16"
          y1="9"
          y2="15"
        />
        <line
          x1="16"
          x2="22"
          y1="9"
          y2="15"
        />
      </svg>
    </button>
    <input
      class="ml-0 w-90/100 justify-self-center accent-Mocha ease-in-out dark:accent-Lightsoftie/75"
      disabled=""
      max="10"
      min="0"
      name=""
      type="range"
    />
    <p />
  </div>
</div>
`;
